// Jest Snapshot v1, https://goo.gl/fbAQLP

exports[`<PropertyCardWithData /> SHOULD render with mapped data 1`] = `
<DocumentFragment>
  <article>
    <h1>
      <a
        href="details/7-westview-court-springvale-south-3172-vic"
      >
        7 Westview Court, Springvale South
      </a>
    </h1>
    <div>
      <h2>
        Property Attributes
      </h2>
      <dl>
        <dt>
          Beds
        </dt>
        <dd
          aria-label="beds"
        >
          1
        </dd>
        <dt>
          Baths
        </dt>
        <dd
          aria-label="baths"
        >
          2
        </dd>
        <dt>
          Carspaces
        </dt>
        <dd
          aria-label="carSpaces"
        >
          3
        </dd>
      </dl>
    </div>
    <a
      href="details/7-westview-court-springvale-south-3172-vic"
    >
      View details page
    </a>
  </article>
</DocumentFragment>
`;
